
[1m[30m[46m RUN [49m[39m[22m [36mv4.1.9 [39m[90mC:/Users/zhujieling11/MikuMikuAR/frontend[39m

[90mstderr[2m | src/__tests__/perception/perf-tier.int.test.ts[2m > [22m[2mADR-164 enableAllPerception / disableAllPerception[2m > [22m[2m1. enableAllPerception 后所有已加载模型有 context
[22m[39m[perception] 已注销
[adr-147] bone "首" 已被模块 "perception.gaze.head"(priority=92) 占用，模块 "perception.breath"(priority=93) 跳过该骨骼
[adr-147] bone "頭" 已被模块 "perception.gaze.head"(priority=92) 占用，模块 "perception.breath"(priority=93) 跳过该骨骼
[adr-147] bone "head" 已被模块 "perception.gaze.head"(priority=92) 占用，模块 "perception.breath"(priority=93) 跳过该骨骼
[adr-147] bone "Head" 已被模块 "perception.gaze.head"(priority=92) 占用，模块 "perception.breath"(priority=93) 跳过该骨骼
[adr-147] bone "上半身2" 已被模块 "perception.breath"(priority=93) 占用，模块 "perception.balance.upper"(priority=95) 跳过该骨骼
[perception] 激活: 模型=m1 呼吸=true 眨眼=true 头=true 眼=true
[adr-147] bone "首" 已被模块 "perception.gaze.head"(priority=92) 占用，模块 "perception.breath"(priority=93) 跳过该骨骼
[adr-147] bone "頭" 已被模块 "perception.gaze.head"(priority=92) 占用，模块 "perception.breath"(priority=93) 跳过该骨骼
[adr-147] bone "head" 已被模块 "perception.gaze.head"(priority=92) 占用，模块 "perception.breath"(priority=93) 跳过该骨骼
[adr-147] bone "Head" 已被模块 "perception.gaze.head"(priority=92) 占用，模块 "perception.breath"(priority=93) 跳过该骨骼
[adr-147] bone "上半身2" 已被模块 "perception.breath"(priority=93) 占用，模块 "perception.balance.upper"(priority=95) 跳过该骨骼
[perception] 全员感知已开启

[90mstderr[2m | src/__tests__/perception/multi-model.int.test.ts[2m > [22m[2mADR-164 模型加载自动激活[2m > [22m[2m8. 全员感知模式下新模型加载时自动激活
[22m[39m[perception] 已注销
[adr-147] bone "首" 已被模块 "perception.gaze.head"(priority=92) 占用，模块 "perception.breath"(priority=93) 跳过该骨骼
[adr-147] bone "頭" 已被模块 "perception.gaze.head"(priority=92) 占用，模块 "perception.breath"(priority=93) 跳过该骨骼
[adr-147] bone "head" 已被模块 "perception.gaze.head"(priority=92) 占用，模块 "perception.breath"(priority=93) 跳过该骨骼
[adr-147] bone "Head" 已被模块 "perception.gaze.head"(priority=92) 占用，模块 "perception.breath"(priority=93) 跳过该骨骼
[adr-147] bone "上半身2" 已被模块 "perception.breath"(priority=93) 占用，模块 "perception.balance.upper"(priority=95) 跳过该骨骼
[perception] 激活: 模型=m1 呼吸=true 眨眼=true 头=true 眼=true
[perception] 全员感知已开启
[adr-147] bone "首" 已被模块 "perception.gaze.head"(priority=92) 占用，模块 "perception.breath"(priority=93) 跳过该骨骼
[adr-147] bone "頭" 已被模块 "perception.gaze.head"(priority=92) 占用，模块 "perception.breath"(priority=93) 跳过该骨骼
[adr-147] bone "head" 已被模块 "perception.gaze.head"(priority=92) 占用，模块 "perception.breath"(priority=93) 跳过该骨骼
[adr-147] bone "Head" 已被模块 "perception.gaze.head"(priority=92) 占用，模块 "perception.breath"(priority=93) 跳过该骨骼
[adr-147] bone "上半身2" 已被模块 "perception.breath"(priority=93) 占用，模块 "perception.balance.upper"(priority=95) 跳过该骨骼

[90mstderr[2m | src/__tests__/perception/claim-bones.int.test.ts[2m > [22m[2mADR-163 claimBones[2m > [22m[2ma) activatePerception 后感知层骨骼被正确认领
[22m[39m[perception] 已注销
[adr-147] bone "首" 已被模块 "perception.gaze.head"(priority=92) 占用，模块 "perception.breath"(priority=93) 跳过该骨骼
[adr-147] bone "頭" 已被模块 "perception.gaze.head"(priority=92) 占用，模块 "perception.breath"(priority=93) 跳过该骨骼
[adr-147] bone "head" 已被模块 "perception.gaze.head"(priority=92) 占用，模块 "perception.breath"(priority=93) 跳过该骨骼
[adr-147] bone "Head" 已被模块 "perception.gaze.head"(priority=92) 占用，模块 "perception.breath"(priority=93) 跳过该骨骼
[adr-147] bone "上半身2" 已被模块 "perception.breath"(priority=93) 占用，模块 "perception.balance.upper"(priority=95) 跳过该骨骼
[perception] 激活: 模型=m1 呼吸=true 眨眼=true 头=true 眼=true

[90mstderr[2m | src/__tests__/perception/perf-tier.int.test.ts[2m > [22m[2mADR-164 enableAllPerception / disableAllPerception[2m > [22m[2m2. disableAllPerception 后仅焦点保留
[22m[39m[perception] 已注销
[adr-147] bone "首" 已被模块 "perception.gaze.head"(priority=92) 占用，模块 "perception.breath"(priority=93) 跳过该骨骼
[adr-147] bone "頭" 已被模块 "perception.gaze.head"(priority=92) 占用，模块 "perception.breath"(priority=93) 跳过该骨骼
[adr-147] bone "head" 已被模块 "perception.gaze.head"(priority=92) 占用，模块 "perception.breath"(priority=93) 跳过该骨骼
[adr-147] bone "Head" 已被模块 "perception.gaze.head"(priority=92) 占用，模块 "perception.breath"(priority=93) 跳过该骨骼
[adr-147] bone "上半身2" 已被模块 "perception.breath"(priority=93) 占用，模块 "perception.balance.upper"(priority=95) 跳过该骨骼
[perception] 激活: 模型=m1 呼吸=true 眨眼=true 头=true 眼=true
[adr-147] bone "首" 已被模块 "perception.gaze.head"(priority=92) 占用，模块 "perception.breath"(priority=93) 跳过该骨骼
[adr-147] bone "頭" 已被模块 "perception.gaze.head"(priority=92) 占用，模块 "perception.breath"(priority=93) 跳过该骨骼
[adr-147] bone "head" 已被模块 "perception.gaze.head"(priority=92) 占用，模块 "perception.breath"(priority=93) 跳过该骨骼
[adr-147] bone "Head" 已被模块 "perception.gaze.head"(priority=92) 占用，模块 "perception.breath"(priority=93) 跳过该骨骼
[adr-147] bone "上半身2" 已被模块 "perception.breath"(priority=93) 占用，模块 "perception.balance.upper"(priority=95) 跳过该骨骼
[perception] pin: 模型=m2
[perception] 全员感知已关闭

[90mstderr[2m | src/__tests__/perception/claim-bones.int.test.ts[2m > [22m[2mADR-163 claimBones[2m > [22m[2mb) P1 抢占后感知层 ownedBones 不再包含被抢占骨骼
[22m[39m[perception] 已注销
[adr-147] bone "首" 已被模块 "perception.gaze.head"(priority=92) 占用，模块 "perception.breath"(priority=93) 跳过该骨骼
[adr-147] bone "頭" 已被模块 "perception.gaze.head"(priority=92) 占用，模块 "perception.breath"(priority=93) 跳过该骨骼
[adr-147] bone "head" 已被模块 "perception.gaze.head"(priority=92) 占用，模块 "perception.breath"(priority=93) 跳过该骨骼
[adr-147] bone "Head" 已被模块 "perception.gaze.head"(priority=92) 占用，模块 "perception.breath"(priority=93) 跳过该骨骼
[adr-147] bone "上半身2" 已被模块 "perception.breath"(priority=93) 占用，模块 "perception.balance.upper"(priority=95) 跳过该骨骼
[perception] 激活: 模型=m1 呼吸=true 眨眼=true 头=true 眼=true

[90mstdout[2m | src/__tests__/perception/claim-bones.int.test.ts[2m > [22m[2mADR-163 claimBones[2m > [22m[2mb) P1 抢占后感知层 ownedBones 不再包含被抢占骨骼
[22m[39m[bone-override] _getOverrideMap 首次为模型创建覆盖索引 {"modelId":"m1","existingModels":["m1"]}

[90mstderr[2m | src/__tests__/perception/claim-bones.int.test.ts[2m > [22m[2mADR-163 claimBones[2m > [22m[2mb) P1 抢占后感知层 ownedBones 不再包含被抢占骨骼
[22m[39m[adr-147] bone "頭" 被模块 "body-posture"(priority=1) 从 "perception.gaze.head"(priority=92) 抢占

[90mstderr[2m | src/__tests__/perception/claim-bones.int.test.ts[2m > [22m[2mADR-163 claimBones[2m > [22m[2mc) deactivatePerception 后 ownedBones 被释放
[22m[39m[perception] 已注销
[adr-147] bone "首" 已被模块 "perception.gaze.head"(priority=92) 占用，模块 "perception.breath"(priority=93) 跳过该骨骼
[adr-147] bone "頭" 已被模块 "perception.gaze.head"(priority=92) 占用，模块 "perception.breath"(priority=93) 跳过该骨骼
[adr-147] bone "head" 已被模块 "perception.gaze.head"(priority=92) 占用，模块 "perception.breath"(priority=93) 跳过该骨骼
[adr-147] bone "Head" 已被模块 "perception.gaze.head"(priority=92) 占用，模块 "perception.breath"(priority=93) 跳过该骨骼
[adr-147] bone "上半身2" 已被模块 "perception.breath"(priority=93) 占用，模块 "perception.balance.upper"(priority=95) 跳过该骨骼
[perception] 激活: 模型=m1 呼吸=true 眨眼=true 头=true 眼=true

[90mstdout[2m | src/__tests__/perception/claim-bones.int.test.ts[2m > [22m[2mADR-163 claimBones[2m > [22m[2mc) deactivatePerception 后 ownedBones 被释放
[22m[39m[bone-override] _getOverrideMap 首次为模型创建覆盖索引 {"modelId":"m1","existingModels":["m1"]}

[90mstderr[2m | src/__tests__/perception/claim-bones.int.test.ts[2m > [22m[2mADR-163 claimBones[2m > [22m[2mc) deactivatePerception 后 ownedBones 被释放
[22m[39m[perception] 已注销

[90mstderr[2m | src/__tests__/perception/multi-model.int.test.ts[2m > [22m[2mADR-166 多模型隔离[2m > [22m[2m2. 焦点 setBreathFrequency 不污染 pinned 模型 ctx.state
[22m[39m[perception] 已注销
[adr-147] bone "首" 已被模块 "perception.gaze.head"(priority=92) 占用，模块 "perception.breath"(priority=93) 跳过该骨骼
[adr-147] bone "頭" 已被模块 "perception.gaze.head"(priority=92) 占用，模块 "perception.breath"(priority=93) 跳过该骨骼
[adr-147] bone "head" 已被模块 "perception.gaze.head"(priority=92) 占用，模块 "perception.breath"(priority=93) 跳过该骨骼
[adr-147] bone "Head" 已被模块 "perception.gaze.head"(priority=92) 占用，模块 "perception.breath"(priority=93) 跳过该骨骼
[adr-147] bone "上半身2" 已被模块 "perception.breath"(priority=93) 占用，模块 "perception.balance.upper"(priority=95) 跳过该骨骼
[perception] 激活: 模型=m1 呼吸=true 眨眼=true 头=true 眼=true
[adr-147] bone "首" 已被模块 "perception.gaze.head"(priority=92) 占用，模块 "perception.breath"(priority=93) 跳过该骨骼
[adr-147] bone "頭" 已被模块 "perception.gaze.head"(priority=92) 占用，模块 "perception.breath"(priority=93) 跳过该骨骼
[adr-147] bone "head" 已被模块 "perception.gaze.head"(priority=92) 占用，模块 "perception.breath"(priority=93) 跳过该骨骼
[adr-147] bone "Head" 已被模块 "perception.gaze.head"(priority=92) 占用，模块 "perception.breath"(priority=93) 跳过该骨骼
[adr-147] bone "上半身2" 已被模块 "perception.breath"(priority=93) 占用，模块 "perception.balance.upper"(priority=95) 跳过该骨骼
[perception] pin: 模型=m2

[90mstdout[2m | src/__tests__/perception/perf-tier.int.test.ts[2m > [22m[2mADR-164 enableAllPerception / disableAllPerception[2m > [22m[2m3. enable→disable→enable toggle 后 lastOffsets 正确重置
[22m[39m[bone-override] _getOverrideMap 首次为模型创建覆盖索引 {"modelId":"m2","existingModels":["m2"]}

[90mstderr[2m | src/__tests__/perception/perf-tier.int.test.ts[2m > [22m[2mADR-164 enableAllPerception / disableAllPerception[2m > [22m[2m3. enable→disable→enable toggle 后 lastOffsets 正确重置
[22m[39m[perception] 已注销
[adr-147] bone "首" 已被模块 "perception.gaze.head"(priority=92) 占用，模块 "perception.breath"(priority=93) 跳过该骨骼
[adr-147] bone "頭" 已被模块 "perception.gaze.head"(priority=92) 占用，模块 "perception.breath"(priority=93) 跳过该骨骼
[adr-147] bone "head" 已被模块 "perception.gaze.head"(priority=92) 占用，模块 "perception.breath"(priority=93) 跳过该骨骼
[adr-147] bone "Head" 已被模块 "perception.gaze.head"(priority=92) 占用，模块 "perception.breath"(priority=93) 跳过该骨骼
[adr-147] bone "上半身2" 已被模块 "perception.breath"(priority=93) 占用，模块 "perception.balance.upper"(priority=95) 跳过该骨骼
[perception] 激活: 模型=m1 呼吸=true 眨眼=true 头=true 眼=true
[adr-147] bone "首" 已被模块 "perception.gaze.head"(priority=92) 占用，模块 "perception.breath"(priority=93) 跳过该骨骼
[adr-147] bone "頭" 已被模块 "perception.gaze.head"(priority=92) 占用，模块 "perception.breath"(priority=93) 跳过该骨骼
[adr-147] bone "head" 已被模块 "perception.gaze.head"(priority=92) 占用，模块 "perception.breath"(priority=93) 跳过该骨骼
[adr-147] bone "Head" 已被模块 "perception.gaze.head"(priority=92) 占用，模块 "perception.breath"(priority=93) 跳过该骨骼
[adr-147] bone "上半身2" 已被模块 "perception.breath"(priority=93) 占用，模块 "perception.balance.upper"(priority=95) 跳过该骨骼
[perception] 全员感知已开启
[perception] 全员感知已关闭
[adr-147] bone "首" 已被模块 "perception.gaze.head"(priority=92) 占用，模块 "perception.breath"(priority=93) 跳过该骨骼
[adr-147] bone "頭" 已被模块 "perception.gaze.head"(priority=92) 占用，模块 "perception.breath"(priority=93) 跳过该骨骼
[adr-147] bone "head" 已被模块 "perception.gaze.head"(priority=92) 占用，模块 "perception.breath"(priority=93) 跳过该骨骼
[adr-147] bone "Head" 已被模块 "perception.gaze.head"(priority=92) 占用，模块 "perception.breath"(priority=93) 跳过该骨骼
[adr-147] bone "上半身2" 已被模块 "perception.breath"(priority=93) 占用，模块 "perception.balance.upper"(priority=95) 跳过该骨骼
[perception] 全员感知已开启

[90mstderr[2m | src/__tests__/perception/multi-model.int.test.ts[2m > [22m[2mADR-166 多模型隔离[2m > [22m[2m3. 非感知模块释放骨骼时触发感知层自动 reclaim
[22m[39m[perception] 已注销
[adr-147] bone "首" 已被模块 "perception.gaze.head"(priority=92) 占用，模块 "perception.breath"(priority=93) 跳过该骨骼
[adr-147] bone "頭" 已被模块 "perception.gaze.head"(priority=92) 占用，模块 "perception.breath"(priority=93) 跳过该骨骼
[adr-147] bone "head" 已被模块 "perception.gaze.head"(priority=92) 占用，模块 "perception.breath"(priority=93) 跳过该骨骼
[adr-147] bone "Head" 已被模块 "perception.gaze.head"(priority=92) 占用，模块 "perception.breath"(priority=93) 跳过该骨骼
[adr-147] bone "上半身2" 已被模块 "perception.breath"(priority=93) 占用，模块 "perception.balance.upper"(priority=95) 跳过该骨骼
[perception] 激活: 模型=m1 呼吸=true 眨眼=true 头=true 眼=true

[90mstdout[2m | src/__tests__/perception/multi-model.int.test.ts[2m > [22m[2mADR-166 多模型隔离[2m > [22m[2m3. 非感知模块释放骨骼时触发感知层自动 reclaim
[22m[39m[bone-override] _getOverrideMap 首次为模型创建覆盖索引 {"modelId":"m1","existingModels":["m1"]}

[90mstderr[2m | src/__tests__/perception/multi-model.int.test.ts[2m > [22m[2mADR-166 多模型隔离[2m > [22m[2m3. 非感知模块释放骨骼时触发感知层自动 reclaim
[22m[39m[adr-147] bone "頭" 被模块 "body-posture"(priority=1) 从 "perception.gaze.head"(priority=92) 抢占
[adr-147] bone "首" 已被模块 "perception.gaze.head"(priority=92) 占用，模块 "perception.breath"(priority=93) 跳过该骨骼
[adr-147] bone "頭" 已被模块 "perception.gaze.head"(priority=92) 占用，模块 "perception.breath"(priority=93) 跳过该骨骼
[adr-147] bone "head" 已被模块 "perception.gaze.head"(priority=92) 占用，模块 "perception.breath"(priority=93) 跳过该骨骼
[adr-147] bone "Head" 已被模块 "perception.gaze.head"(priority=92) 占用，模块 "perception.breath"(priority=93) 跳过该骨骼
[adr-147] bone "上半身2" 已被模块 "perception.breath"(priority=93) 占用，模块 "perception.balance.upper"(priority=95) 跳过该骨骼

[90mstdout[2m | src/__tests__/perception/claim-bones.int.test.ts[2m > [22m[2mADR-163 claimBones[2m > [22m[2md) 冲突 banner 文本内容正确（仅焦点模型显示）
[22m[39m[bone-override] _getOverrideMap 首次为模型创建覆盖索引 {"modelId":"m1","existingModels":["m1"]}

[90mstderr[2m | src/__tests__/perception/claim-bones.int.test.ts[2m > [22m[2mADR-163 claimBones[2m > [22m[2md) 冲突 banner 文本内容正确（仅焦点模型显示）
[22m[39m[adr-147] bone "頭" 被模块 "body-posture"(priority=1) 从 "perception.gaze.head"(priority=100) 抢占

[33m[39m[32m·[39m[33m[39m[32m·[39m[33m[39m[32m·[39m[33m[39m[32m·[39m[90mstderr[2m | src/__tests__/perception/micro-expression.int.test.ts[2m > [22m[2m_applyMicroExpression[2m > [22m[2mneutral 情绪不写入任何 morph
[22m[39m[perception] 已注销
[adr-147] bone "首" 已被模块 "perception.gaze.head"(priority=92) 占用，模块 "perception.breath"(priority=93) 跳过该骨骼
[adr-147] bone "頭" 已被模块 "perception.gaze.head"(priority=92) 占用，模块 "perception.breath"(priority=93) 跳过该骨骼
[adr-147] bone "head" 已被模块 "perception.gaze.head"(priority=92) 占用，模块 "perception.breath"(priority=93) 跳过该骨骼
[adr-147] bone "Head" 已被模块 "perception.gaze.head"(priority=92) 占用，模块 "perception.breath"(priority=93) 跳过该骨骼
[adr-147] bone "上半身2" 已被模块 "perception.breath"(priority=93) 占用，模块 "perception.balance.upper"(priority=95) 跳过该骨骼
[perception] 激活: 模型=m1 呼吸=true 眨眼=true 头=true 眼=true

[90mstderr[2m | src/__tests__/perception/micro-expression.int.test.ts[2m > [22m[2m_applyMicroExpression[2m > [22m[2mhappy 情绪周期性脉冲笑み morph
[22m[39m[perception] 已注销
[adr-147] bone "首" 已被模块 "perception.gaze.head"(priority=92) 占用，模块 "perception.breath"(priority=93) 跳过该骨骼
[adr-147] bone "頭" 已被模块 "perception.gaze.head"(priority=92) 占用，模块 "perception.breath"(priority=93) 跳过该骨骼
[adr-147] bone "head" 已被模块 "perception.gaze.head"(priority=92) 占用，模块 "perception.breath"(priority=93) 跳过该骨骼
[adr-147] bone "Head" 已被模块 "perception.gaze.head"(priority=92) 占用，模块 "perception.breath"(priority=93) 跳过该骨骼
[adr-147] bone "上半身2" 已被模块 "perception.breath"(priority=93) 占用，模块 "perception.balance.upper"(priority=95) 跳过该骨骼
[perception] 激活: 模型=m1 呼吸=true 眨眼=true 头=true 眼=true

[90mstderr[2m | src/__tests__/perception/perf-tier.int.test.ts[2m > [22m[2mADR-164 PerceptionPerfMonitor tier[2m > [22m[2m5. 手动 tier=low 时 gaze/balance/expression/lipsync 在 observer 中跳过
[22m[39m[perception] 已注销
[adr-147] bone "首" 已被模块 "perception.gaze.head"(priority=92) 占用，模块 "perception.breath"(priority=93) 跳过该骨骼
[adr-147] bone "頭" 已被模块 "perception.gaze.head"(priority=92) 占用，模块 "perception.breath"(priority=93) 跳过该骨骼
[adr-147] bone "head" 已被模块 "perception.gaze.head"(priority=92) 占用，模块 "perception.breath"(priority=93) 跳过该骨骼
[adr-147] bone "Head" 已被模块 "perception.gaze.head"(priority=92) 占用，模块 "perception.breath"(priority=93) 跳过该骨骼
[adr-147] bone "上半身2" 已被模块 "perception.breath"(priority=93) 占用，模块 "perception.balance.upper"(priority=95) 跳过该骨骼
[perception] 激活: 模型=m1 呼吸=true 眨眼=true 头=true 眼=true

[90mstderr[2m | src/__tests__/perception/micro-expression.int.test.ts[2m > [22m[2m_applyMicroExpression[2m > [22m[2mmicroExpressionEnabled=false 时不写入
[22m[39m[perception] 已注销
[adr-147] bone "首" 已被模块 "perception.gaze.head"(priority=92) 占用，模块 "perception.breath"(priority=93) 跳过该骨骼
[adr-147] bone "頭" 已被模块 "perception.gaze.head"(priority=92) 占用，模块 "perception.breath"(priority=93) 跳过该骨骼
[adr-147] bone "head" 已被模块 "perception.gaze.head"(priority=92) 占用，模块 "perception.breath"(priority=93) 跳过该骨骼
[adr-147] bone "Head" 已被模块 "perception.gaze.head"(priority=92) 占用，模块 "perception.breath"(priority=93) 跳过该骨骼
[adr-147] bone "上半身2" 已被模块 "perception.breath"(priority=93) 占用，模块 "perception.balance.upper"(priority=95) 跳过该骨骼
[perception] 激活: 模型=m1 呼吸=true 眨眼=true 头=true 眼=true

[33m[39m[32m·[39m[33m[39m[32m·[39m[33m[39m[32m·[39m[33m[39m[32m·[39m[33m[39m[32m·[39m[33m[39m[32m·[39m[90mstderr[2m | src/__tests__/perception/perf-tier.int.test.ts[2m > [22m[2mADR-164 PerceptionPerfMonitor tier[2m > [22m[2m6. 手动 tier=medium 时 gaze 每 2 帧一次、expression 每 4 帧一次
[22m[39m[perception] 已注销
[adr-147] bone "首" 已被模块 "perception.gaze.head"(priority=92) 占用，模块 "perception.breath"(priority=93) 跳过该骨骼
[adr-147] bone "頭" 已被模块 "perception.gaze.head"(priority=92) 占用，模块 "perception.breath"(priority=93) 跳过该骨骼
[adr-147] bone "head" 已被模块 "perception.gaze.head"(priority=92) 占用，模块 "perception.breath"(priority=93) 跳过该骨骼
[adr-147] bone "Head" 已被模块 "perception.gaze.head"(priority=92) 占用，模块 "perception.breath"(priority=93) 跳过该骨骼
[adr-147] bone "上半身2" 已被模块 "perception.breath"(priority=93) 占用，模块 "perception.balance.upper"(priority=95) 跳过该骨骼
[perception] 激活: 模型=m1 呼吸=true 眨眼=true 头=true 眼=true

[90mstderr[2m | src/__tests__/perception/micro-expression.int.test.ts[2m > [22m[2m_applyMicroExpression[2m > [22m[2mmorph 不存在时静默跳过
[22m[39m[perception] 已注销
[adr-147] bone "首" 已被模块 "perception.gaze.head"(priority=92) 占用，模块 "perception.breath"(priority=93) 跳过该骨骼
[adr-147] bone "頭" 已被模块 "perception.gaze.head"(priority=92) 占用，模块 "perception.breath"(priority=93) 跳过该骨骼
[adr-147] bone "head" 已被模块 "perception.gaze.head"(priority=92) 占用，模块 "perception.breath"(priority=93) 跳过该骨骼
[adr-147] bone "Head" 已被模块 "perception.gaze.head"(priority=92) 占用，模块 "perception.breath"(priority=93) 跳过该骨骼
[adr-147] bone "上半身2" 已被模块 "perception.breath"(priority=93) 占用，模块 "perception.balance.upper"(priority=95) 跳过该骨骼
[perception] 激活: 模型=m1 呼吸=true 眨眼=true 头=true 眼=true

[90mstderr[2m | src/__tests__/perception/perf-tier.int.test.ts[2m > [22m[2mADR-164 PerceptionPerfMonitor tier[2m > [22m[2m7. pinPerception + tier=low 时 pinned 模型保留感知
[22m[39m[perception] 已注销
[adr-147] bone "首" 已被模块 "perception.gaze.head"(priority=92) 占用，模块 "perception.breath"(priority=93) 跳过该骨骼
[adr-147] bone "頭" 已被模块 "perception.gaze.head"(priority=92) 占用，模块 "perception.breath"(priority=93) 跳过该骨骼
[adr-147] bone "head" 已被模块 "perception.gaze.head"(priority=92) 占用，模块 "perception.breath"(priority=93) 跳过该骨骼
[adr-147] bone "Head" 已被模块 "perception.gaze.head"(priority=92) 占用，模块 "perception.breath"(priority=93) 跳过该骨骼
[adr-147] bone "上半身2" 已被模块 "perception.breath"(priority=93) 占用，模块 "perception.balance.upper"(priority=95) 跳过该骨骼
[perception] 激活: 模型=m1 呼吸=true 眨眼=true 头=true 眼=true
[adr-147] bone "首" 已被模块 "perception.gaze.head"(priority=92) 占用，模块 "perception.breath"(priority=93) 跳过该骨骼
[adr-147] bone "頭" 已被模块 "perception.gaze.head"(priority=92) 占用，模块 "perception.breath"(priority=93) 跳过该骨骼
[adr-147] bone "head" 已被模块 "perception.gaze.head"(priority=92) 占用，模块 "perception.breath"(priority=93) 跳过该骨骼
[adr-147] bone "Head" 已被模块 "perception.gaze.head"(priority=92) 占用，模块 "perception.breath"(priority=93) 跳过该骨骼
[adr-147] bone "上半身2" 已被模块 "perception.breath"(priority=93) 占用，模块 "perception.balance.upper"(priority=95) 跳过该骨骼
[perception] pin: 模型=m2

[33m[39m[32m·[39m[33m[39m[32m·[39m[33m[39m[32m·[39m[33m[39m[32m·[39m[33m[39m[32m·[39m[33m[39m[32m·[39m[33m[39m[32m·[39m[33m[39m[32m·[39m[33m[39m[32m·[39m[33m[39m[32m·[39m[33m[39m[32m·[39m[33m[39m[32m·[39m[33m[39m[32m·[39m[33m[39m[32m·[39m[33m[39m[32m·[39m[33m[39m[32m·[39m[33m[39m[32m·[39m[33m[39m[32m·[39m[33m[39m[32m·[39m[33m[39m[32m·[39m[33m[39m[32m·[39m[33m[39m[32m·[39m[33m[39m[32m·[39m[33m[39m[32m·[39m[33m[39m[32m·[39m[33m[39m[32m·[39m[33m[39m[32m·[39m[33m[39m[32m·[39m[33m[39m[32m·[39m[33m[39m[32m·[39m[33m[39m[32m·[39m[90mstderr[2m | src/__tests__/perception/lipsync.int.test.ts[2m > [22m[2m_applyLipSync[2m > [22m[2mlipSyncEnabled=false 时不写入任何 morph
[22m[39m[perception] 已注销
[adr-147] bone "首" 已被模块 "perception.gaze.head"(priority=92) 占用，模块 "perception.breath"(priority=93) 跳过该骨骼
[adr-147] bone "頭" 已被模块 "perception.gaze.head"(priority=92) 占用，模块 "perception.breath"(priority=93) 跳过该骨骼
[adr-147] bone "head" 已被模块 "perception.gaze.head"(priority=92) 占用，模块 "perception.breath"(priority=93) 跳过该骨骼
[adr-147] bone "Head" 已被模块 "perception.gaze.head"(priority=92) 占用，模块 "perception.breath"(priority=93) 跳过该骨骼
[adr-147] bone "上半身2" 已被模块 "perception.breath"(priority=93) 占用，模块 "perception.balance.upper"(priority=95) 跳过该骨骼
[perception] 激活: 模型=m1 呼吸=true 眨眼=true 头=true 眼=true

[90mstderr[2m | src/__tests__/perception/balance-sway-pin.int.test.ts[2m > [22m[2mpinPerception[2m > [22m[2mpin 模型后焦点切换时 pinned 仍激活
[22m[39m[perception] 已注销
[adr-147] bone "首" 已被模块 "perception.gaze.head"(priority=92) 占用，模块 "perception.breath"(priority=93) 跳过该骨骼
[adr-147] bone "頭" 已被模块 "perception.gaze.head"(priority=92) 占用，模块 "perception.breath"(priority=93) 跳过该骨骼
[adr-147] bone "head" 已被模块 "perception.gaze.head"(priority=92) 占用，模块 "perception.breath"(priority=93) 跳过该骨骼
[adr-147] bone "Head" 已被模块 "perception.gaze.head"(priority=92) 占用，模块 "perception.breath"(priority=93) 跳过该骨骼
[adr-147] bone "上半身2" 已被模块 "perception.breath"(priority=93) 占用，模块 "perception.balance.upper"(priority=95) 跳过该骨骼
[perception] 激活: 模型=m1 呼吸=true 眨眼=true 头=true 眼=true
[adr-147] bone "首" 已被模块 "perception.gaze.head"(priority=92) 占用，模块 "perception.breath"(priority=93) 跳过该骨骼
[adr-147] bone "頭" 已被模块 "perception.gaze.head"(priority=92) 占用，模块 "perception.breath"(priority=93) 跳过该骨骼
[adr-147] bone "head" 已被模块 "perception.gaze.head"(priority=92) 占用，模块 "perception.breath"(priority=93) 跳过该骨骼
[adr-147] bone "Head" 已被模块 "perception.gaze.head"(priority=92) 占用，模块 "perception.breath"(priority=93) 跳过该骨骼
[adr-147] bone "上半身2" 已被模块 "perception.breath"(priority=93) 占用，模块 "perception.balance.upper"(priority=95) 跳过该骨骼
[perception] pin: 模型=m1
[adr-147] bone "首" 已被模块 "perception.gaze.head"(priority=92) 占用，模块 "perception.breath"(priority=93) 跳过该骨骼
[adr-147] bone "頭" 已被模块 "perception.gaze.head"(priority=92) 占用，模块 "perception.breath"(priority=93) 跳过该骨骼
[adr-147] bone "head" 已被模块 "perception.gaze.head"(priority=92) 占用，模块 "perception.breath"(priority=93) 跳过该骨骼
[adr-147] bone "Head" 已被模块 "perception.gaze.head"(priority=92) 占用，模块 "perception.breath"(priority=93) 跳过该骨骼
[adr-147] bone "上半身2" 已被模块 "perception.breath"(priority=93) 占用，模块 "perception.balance.upper"(priority=95) 跳过该骨骼
[perception] 激活: 模型=m2 呼吸=true 眨眼=true 头=true 眼=true

[33m[39m[32m·[39m[33m[39m[32m·[39m[33m[39m[32m·[39m[33m[39m[32m·[39m[33m[39m[32m·[39m[33m[39m[32m·[39m[33m[39m[32m·[39m[90mstderr[2m | src/__tests__/perception/micro-expression.int.test.ts[2m > [22m[2m_applyMicroExpression[2m > [22m[2m开启写入后关闭 → 旧 morph influence 归零（防冻结）
[22m[39m[perception] 已注销
[adr-147] bone "首" 已被模块 "perception.gaze.head"(priority=92) 占用，模块 "perception.breath"(priority=93) 跳过该骨骼
[adr-147] bone "頭" 已被模块 "perception.gaze.head"(priority=92) 占用，模块 "perception.breath"(priority=93) 跳过该骨骼
[adr-147] bone "head" 已被模块 "perception.gaze.head"(priority=92) 占用，模块 "perception.breath"(priority=93) 跳过该骨骼
[adr-147] bone "Head" 已被模块 "perception.gaze.head"(priority=92) 占用，模块 "perception.breath"(priority=93) 跳过该骨骼
[adr-147] bone "上半身2" 已被模块 "perception.breath"(priority=93) 占用，模块 "perception.balance.upper"(priority=95) 跳过该骨骼
[perception] 激活: 模型=m1 呼吸=true 眨眼=true 头=true 眼=true

[90mstderr[2m | src/__tests__/perception/lipsync.int.test.ts[2m > [22m[2m_applyLipSync[2m > [22m[2m开启且音频播放时写入 あ morph
[22m[39m[perception] 已注销
[adr-147] bone "首" 已被模块 "perception.gaze.head"(priority=92) 占用，模块 "perception.breath"(priority=93) 跳过该骨骼
[adr-147] bone "頭" 已被模块 "perception.gaze.head"(priority=92) 占用，模块 "perception.breath"(priority=93) 跳过该骨骼
[adr-147] bone "head" 已被模块 "perception.gaze.head"(priority=92) 占用，模块 "perception.breath"(priority=93) 跳过该骨骼
[adr-147] bone "Head" 已被模块 "perception.gaze.head"(priority=92) 占用，模块 "perception.breath"(priority=93) 跳过该骨骼
[adr-147] bone "上半身2" 已被模块 "perception.breath"(priority=93) 占用，模块 "perception.balance.upper"(priority=95) 跳过该骨骼
[perception] 激活: 模型=m1 呼吸=true 眨眼=true 头=true 眼=true

[90mstderr[2m | src/__tests__/perception/balance-sway-pin.int.test.ts[2m > [22m[2mpinPerception[2m > [22m[2m[doc:adr-164] pin 上限已移除，可 pin 超过 5 个模型
[22m[39m[adr-147] bone "首" 已被模块 "perception.gaze.head"(priority=92) 占用，模块 "perception.breath"(priority=93) 跳过该骨骼
[adr-147] bone "頭" 已被模块 "perception.gaze.head"(priority=92) 占用，模块 "perception.breath"(priority=93) 跳过该骨骼
[adr-147] bone "head" 已被模块 "perception.gaze.head"(priority=92) 占用，模块 "perception.breath"(priority=93) 跳过该骨骼
[adr-147] bone "Head" 已被模块 "perception.gaze.head"(priority=92) 占用，模块 "perception.breath"(priority=93) 跳过该骨骼
[adr-147] bone "上半身2" 已被模块 "perception.breath"(priority=93) 占用，模块 "perception.balance.upper"(priority=95) 跳过该骨骼
[perception] pin: 模型=m1
[adr-147] bone "首" 已被模块 "perception.gaze.head"(priority=92) 占用，模块 "perception.breath"(priority=93) 跳过该骨骼
[adr-147] bone "頭" 已被模块 "perception.gaze.head"(priority=92) 占用，模块 "perception.breath"(priority=93) 跳过该骨骼
[adr-147] bone "head" 已被模块 "perception.gaze.head"(priority=92) 占用，模块 "perception.breath"(priority=93) 跳过该骨骼
[adr-147] bone "Head" 已被模块 "perception.gaze.head"(priority=92) 占用，模块 "perception.breath"(priority=93) 跳过该骨骼
[adr-147] bone "上半身2" 已被模块 "perception.breath"(priority=93) 占用，模块 "perception.balance.upper"(priority=95) 跳过该骨骼
[perception] pin: 模型=m2
[adr-147] bone "首" 已被模块 "perception.gaze.head"(priority=92) 占用，模块 "perception.breath"(priority=93) 跳过该骨骼
[adr-147] bone "頭" 已被模块 "perception.gaze.head"(priority=92) 占用，模块 "perception.breath"(priority=93) 跳过该骨骼
[adr-147] bone "head" 已被模块 "perception.gaze.head"(priority=92) 占用，模块 "perception.breath"(priority=93) 跳过该骨骼
[adr-147] bone "Head" 已被模块 "perception.gaze.head"(priority=92) 占用，模块 "perception.breath"(priority=93) 跳过该骨骼
[adr-147] bone "上半身2" 已被模块 "perception.breath"(priority=93) 占用，模块 "perception.balance.upper"(priority=95) 跳过该骨骼
[perception] pin: 模型=m3
[adr-147] bone "首" 已被模块 "perception.gaze.head"(priority=92) 占用，模块 "perception.breath"(priority=93) 跳过该骨骼
[adr-147] bone "頭" 已被模块 "perception.gaze.head"(priority=92) 占用，模块 "perception.breath"(priority=93) 跳过该骨骼
[adr-147] bone "head" 已被模块 "perception.gaze.head"(priority=92) 占用，模块 "perception.breath"(priority=93) 跳过该骨骼
[adr-147] bone "Head" 已被模块 "perception.gaze.head"(priority=92) 占用，模块 "perception.breath"(priority=93) 跳过该骨骼
[adr-147] bone "上半身2" 已被模块 "perception.breath"(priority=93) 占用，模块 "perception.balance.upper"(priority=95) 跳过该骨骼
[perception] pin: 模型=m4
[adr-147] bone "首" 已被模块 "perception.gaze.head"(priority=92) 占用，模块 "perception.breath"(priority=93) 跳过该骨骼
[adr-147] bone "頭" 已被模块 "perception.gaze.head"(priority=92) 占用，模块 "perception.breath"(priority=93) 跳过该骨骼
[adr-147] bone "head" 已被模块 "perception.gaze.head"(priority=92) 占用，模块 "perception.breath"(priority=93) 跳过该骨骼
[adr-147] bone "Head" 已被模块 "perception.gaze.head"(priority=92) 占用，模块 "perception.breath"(priority=93) 跳过该骨骼
[adr-147] bone "上半身2" 已被模块 "perception.breath"(priority=93) 占用，模块 "perception.balance.upper"(priority=95) 跳过该骨骼
[perception] pin: 模型=m5
[adr-147] bone "首" 已被模块 "perception.gaze.head"(priority=92) 占用，模块 "perception.breath"(priority=93) 跳过该骨骼
[adr-147] bone "頭" 已被模块 "perception.gaze.head"(priority=92) 占用，模块 "perception.breath"(priority=93) 跳过该骨骼
[adr-147] bone "head" 已被模块 "perception.gaze.head"(priority=92) 占用，模块 "perception.breath"(priority=93) 跳过该骨骼
[adr-147] bone "Head" 已被模块 "perception.gaze.head"(priority=92) 占用，模块 "perception.breath"(priority=93) 跳过该骨骼
[adr-147] bone "上半身2" 已被模块 "perception.breath"(priority=93) 占用，模块 "perception.balance.upper"(priority=95) 跳过该骨骼
[perception] pin: 模型=m6

[90mstderr[2m | src/__tests__/perception/micro-expression.int.test.ts[2m > [22m[2m_applyMicroExpression[2m > [22m[2m切换情绪时旧 morph 归零（防串味）
[22m[39m[perception] 已注销
[adr-147] bone "首" 已被模块 "perception.gaze.head"(priority=92) 占用，模块 "perception.breath"(priority=93) 跳过该骨骼
[adr-147] bone "頭" 已被模块 "perception.gaze.head"(priority=92) 占用，模块 "perception.breath"(priority=93) 跳过该骨骼
[adr-147] bone "head" 已被模块 "perception.gaze.head"(priority=92) 占用，模块 "perception.breath"(priority=93) 跳过该骨骼
[adr-147] bone "Head" 已被模块 "perception.gaze.head"(priority=92) 占用，模块 "perception.breath"(priority=93) 跳过该骨骼
[adr-147] bone "上半身2" 已被模块 "perception.breath"(priority=93) 占用，模块 "perception.balance.upper"(priority=95) 跳过该骨骼
[perception] 激活: 模型=m1 呼吸=true 眨眼=true 头=true 眼=true

[90mstderr[2m | src/__tests__/perception/lipsync.int.test.ts[2m > [22m[2m_applyLipSync[2m > [22m[2mmorph 不存在时静默跳过
[22m[39m[perception] 已注销
[adr-147] bone "首" 已被模块 "perception.gaze.head"(priority=92) 占用，模块 "perception.breath"(priority=93) 跳过该骨骼
[adr-147] bone "頭" 已被模块 "perception.gaze.head"(priority=92) 占用，模块 "perception.breath"(priority=93) 跳过该骨骼
[adr-147] bone "head" 已被模块 "perception.gaze.head"(priority=92) 占用，模块 "perception.breath"(priority=93) 跳过该骨骼
[adr-147] bone "Head" 已被模块 "perception.gaze.head"(priority=92) 占用，模块 "perception.breath"(priority=93) 跳过该骨骼
[adr-147] bone "上半身2" 已被模块 "perception.breath"(priority=93) 占用，模块 "perception.balance.upper"(priority=95) 跳过该骨骼
[perception] 激活: 模型=m1 呼吸=true 眨眼=true 头=true 眼=true

[90mstderr[2m | src/__tests__/perception/micro-expression.int.test.ts[2m > [22m[2m_applyMicroExpression[2m > [22m[2m切换到 neutral 时旧 morph 归零
[22m[39m[perception] 已注销
[adr-147] bone "首" 已被模块 "perception.gaze.head"(priority=92) 占用，模块 "perception.breath"(priority=93) 跳过该骨骼
[adr-147] bone "頭" 已被模块 "perception.gaze.head"(priority=92) 占用，模块 "perception.breath"(priority=93) 跳过该骨骼
[adr-147] bone "head" 已被模块 "perception.gaze.head"(priority=92) 占用，模块 "perception.breath"(priority=93) 跳过该骨骼
[adr-147] bone "Head" 已被模块 "perception.gaze.head"(priority=92) 占用，模块 "perception.breath"(priority=93) 跳过该骨骼
[adr-147] bone "上半身2" 已被模块 "perception.breath"(priority=93) 占用，模块 "perception.balance.upper"(priority=95) 跳过该骨骼
[perception] 激活: 模型=m1 呼吸=true 眨眼=true 头=true 眼=true

[90mstdout[2m | src/__tests__/perception/balance-sway-pin.int.test.ts[2m > [22m[2mpinPerception[2m > [22m[2munpin 非焦点模型后该模型从 pinned 列表移除
[22m[39m[bone-override] _getOverrideMap 首次为模型创建覆盖索引 {"modelId":"m1","existingModels":["m1"]}

[33m[39m[32m·[39m[33m[39m[32m·[39m[33m[39m[32m·[39m[90mstderr[2m | src/__tests__/perception/balance-sway-pin.int.test.ts[2m > [22m[2mpinPerception[2m > [22m[2munpin 非焦点模型后该模型从 pinned 列表移除
[22m[39m[adr-147] bone "首" 已被模块 "perception.gaze.head"(priority=92) 占用，模块 "perception.breath"(priority=93) 跳过该骨骼
[adr-147] bone "頭" 已被模块 "perception.gaze.head"(priority=92) 占用，模块 "perception.breath"(priority=93) 跳过该骨骼
[adr-147] bone "head" 已被模块 "perception.gaze.head"(priority=92) 占用，模块 "perception.breath"(priority=93) 跳过该骨骼
[adr-147] bone "Head" 已被模块 "perception.gaze.head"(priority=92) 占用，模块 "perception.breath"(priority=93) 跳过该骨骼
[adr-147] bone "上半身2" 已被模块 "perception.breath"(priority=93) 占用，模块 "perception.balance.upper"(priority=95) 跳过该骨骼
[perception] pin: 模型=m1

[90mstderr[2m | src/__tests__/perception/lipsync.int.test.ts[2m > [22m[2m_applyLipSync[2m > [22m[2m关闭后 morph influence 归零（防残留）
[22m[39m[perception] 已注销
[adr-147] bone "首" 已被模块 "perception.gaze.head"(priority=92) 占用，模块 "perception.breath"(priority=93) 跳过该骨骼
[adr-147] bone "頭" 已被模块 "perception.gaze.head"(priority=92) 占用，模块 "perception.breath"(priority=93) 跳过该骨骼
[adr-147] bone "head" 已被模块 "perception.gaze.head"(priority=92) 占用，模块 "perception.breath"(priority=93) 跳过该骨骼
[adr-147] bone "Head" 已被模块 "perception.gaze.head"(priority=92) 占用，模块 "perception.breath"(priority=93) 跳过该骨骼
[adr-147] bone "上半身2" 已被模块 "perception.breath"(priority=93) 占用，模块 "perception.balance.upper"(priority=95) 跳过该骨骼
[perception] 激活: 模型=m1 呼吸=true 眨眼=true 头=true 眼=true

[33m[39m[32m·[39m[33m[39m[32m·[39m[33m[39m[32m·[39m[33m[39m[32m·[39m[90mstderr[2m | src/__tests__/perception/state-lifecycle.int.test.ts[2m > [22m[2mactivatePerception[2m > [22m[2m无目标模型 ID 时 warn 并返回
[22m[39m[perception] activate: 无目标模型 ID

[90mstderr[2m | src/__tests__/perception/state-lifecycle.int.test.ts[2m > [22m[2mactivatePerception[2m > [22m[2m模型未加载时 warn 并返回
[22m[39m[perception] activate: 模型未加载或无 mmdModel

[33m[39m[32m·[39m[33m[39m[32m·[39m[33m[39m[32m·[39m[33m[39m[32m·[39m[33m[39m[32m·[39m[33m[39m[32m·[39m[33m[39m[32m·[39m[33m[39m[32m·[39m[90mstderr[2m | src/__tests__/perception/state-lifecycle.int.test.ts[2m > [22m[2mactivatePerception[2m > [22m[2m模型已加载时注册 observer
[22m[39m[perception] 已注销
[adr-147] bone "首" 已被模块 "perception.gaze.head"(priority=92) 占用，模块 "perception.breath"(priority=93) 跳过该骨骼
[adr-147] bone "頭" 已被模块 "perception.gaze.head"(priority=92) 占用，模块 "perception.breath"(priority=93) 跳过该骨骼
[adr-147] bone "head" 已被模块 "perception.gaze.head"(priority=92) 占用，模块 "perception.breath"(priority=93) 跳过该骨骼
[adr-147] bone "Head" 已被模块 "perception.gaze.head"(priority=92) 占用，模块 "perception.breath"(priority=93) 跳过该骨骼
[adr-147] bone "上半身2" 已被模块 "perception.breath"(priority=93) 占用，模块 "perception.balance.upper"(priority=95) 跳过该骨骼
[perception] 激活: 模型=m1 呼吸=true 眨眼=true 头=true 眼=true

[90mstderr[2m | src/__tests__/perception/state-lifecycle.int.test.ts[2m > [22m[2mactivatePerception[2m > [22m[2m重复激活同一模型不重复注册
[22m[39m[perception] 已注销
[adr-147] bone "首" 已被模块 "perception.gaze.head"(priority=92) 占用，模块 "perception.breath"(priority=93) 跳过该骨骼
[adr-147] bone "頭" 已被模块 "perception.gaze.head"(priority=92) 占用，模块 "perception.breath"(priority=93) 跳过该骨骼
[adr-147] bone "head" 已被模块 "perception.gaze.head"(priority=92) 占用，模块 "perception.breath"(priority=93) 跳过该骨骼
[adr-147] bone "Head" 已被模块 "perception.gaze.head"(priority=92) 占用，模块 "perception.breath"(priority=93) 跳过该骨骼
[adr-147] bone "上半身2" 已被模块 "perception.breath"(priority=93) 占用，模块 "perception.balance.upper"(priority=95) 跳过该骨骼
[perception] 激活: 模型=m1 呼吸=true 眨眼=true 头=true 眼=true

[33m[39m[32m·[39m[33m[39m[32m·[39m[33m[39m[32m·[39m[33m[39m[32m·[39m[33m[39m[32m·[39m[33m[39m[32m·[39m[33m[39m[32m·[39m[33m[39m[32m·[39m[90mstdout[2m | src/__tests__/perception/state-lifecycle.int.test.ts[2m > [22m[2mactivatePerception[2m > [22m[2m切换模型时先注销旧 observer 再注册新 observer
[22m[39m[bone-override] _getOverrideMap 首次为模型创建覆盖索引 {"modelId":"m1","existingModels":["m1"]}

[90mstderr[2m | src/__tests__/perception/state-lifecycle.int.test.ts[2m > [22m[2mactivatePerception[2m > [22m[2m切换模型时先注销旧 observer 再注册新 observer
[22m[39m[perception] 已注销
[adr-147] bone "首" 已被模块 "perception.gaze.head"(priority=92) 占用，模块 "perception.breath"(priority=93) 跳过该骨骼
[adr-147] bone "頭" 已被模块 "perception.gaze.head"(priority=92) 占用，模块 "perception.breath"(priority=93) 跳过该骨骼
[adr-147] bone "head" 已被模块 "perception.gaze.head"(priority=92) 占用，模块 "perception.breath"(priority=93) 跳过该骨骼
[adr-147] bone "Head" 已被模块 "perception.gaze.head"(priority=92) 占用，模块 "perception.breath"(priority=93) 跳过该骨骼
[adr-147] bone "上半身2" 已被模块 "perception.breath"(priority=93) 占用，模块 "perception.balance.upper"(priority=95) 跳过该骨骼
[perception] 激活: 模型=m1 呼吸=true 眨眼=true 头=true 眼=true
[perception] 已注销
[adr-147] bone "首" 已被模块 "perception.gaze.head"(priority=92) 占用，模块 "perception.breath"(priority=93) 跳过该骨骼
[adr-147] bone "頭" 已被模块 "perception.gaze.head"(priority=92) 占用，模块 "perception.breath"(priority=93) 跳过该骨骼
[adr-147] bone "head" 已被模块 "perception.gaze.head"(priority=92) 占用，模块 "perception.breath"(priority=93) 跳过该骨骼
[adr-147] bone "Head" 已被模块 "perception.gaze.head"(priority=92) 占用，模块 "perception.breath"(priority=93) 跳过该骨骼
[adr-147] bone "上半身2" 已被模块 "perception.breath"(priority=93) 占用，模块 "perception.balance.upper"(priority=95) 跳过该骨骼
[perception] 激活: 模型=m2 呼吸=true 眨眼=true 头=true 眼=true

[90mstdout[2m | src/__tests__/perception/state-lifecycle.int.test.ts[2m > [22m[2mdeactivatePerception[2m > [22m[2m注销 observer
[22m[39m[bone-override] _getOverrideMap 首次为模型创建覆盖索引 {"modelId":"m1","existingModels":["m1"]}

[90mstderr[2m | src/__tests__/perception/state-lifecycle.int.test.ts[2m > [22m[2mdeactivatePerception[2m > [22m[2m注销 observer
[22m[39m[perception] 已注销
[adr-147] bone "首" 已被模块 "perception.gaze.head"(priority=92) 占用，模块 "perception.breath"(priority=93) 跳过该骨骼
[adr-147] bone "頭" 已被模块 "perception.gaze.head"(priority=92) 占用，模块 "perception.breath"(priority=93) 跳过该骨骼
[adr-147] bone "head" 已被模块 "perception.gaze.head"(priority=92) 占用，模块 "perception.breath"(priority=93) 跳过该骨骼
[adr-147] bone "Head" 已被模块 "perception.gaze.head"(priority=92) 占用，模块 "perception.breath"(priority=93) 跳过该骨骼
[adr-147] bone "上半身2" 已被模块 "perception.breath"(priority=93) 占用，模块 "perception.balance.upper"(priority=95) 跳过该骨骼
[perception] 激活: 模型=m1 呼吸=true 眨眼=true 头=true 眼=true
[perception] 已注销

[33m[39m[32m·[39m[33m[39m[32m·[39m[33m[39m[32m·[39m[33m[39m[32m·[39m[33m[39m[32m·[39m[33m[39m[32m·[39m[33m[39m[32m·[39m[33m[39m[32m·[39m[33m[39m[32m·[39m[33m[39m[32m·[39m[90mstderr[2m | src/__tests__/perception/state-lifecycle.int.test.ts[2m > [22m[2mdeactivatePerception[2m > [22m[2m未激活时调用不抛错
[22m[39m[perception] 已注销

[90mstdout[2m | src/__tests__/perception/state-lifecycle.int.test.ts[2m > [22m[2monPerceptionModelRemoved[2m > [22m[2m移除当前感知模型时注销 observer
[22m[39m[bone-override] _getOverrideMap 首次为模型创建覆盖索引 {"modelId":"m1","existingModels":["m1"]}

[90mstderr[2m | src/__tests__/perception/state-lifecycle.int.test.ts[2m > [22m[2monPerceptionModelRemoved[2m > [22m[2m移除当前感知模型时注销 observer
[22m[39m[perception] 已注销
[adr-147] bone "首" 已被模块 "perception.gaze.head"(priority=92) 占用，模块 "perception.breath"(priority=93) 跳过该骨骼
[adr-147] bone "頭" 已被模块 "perception.gaze.head"(priority=92) 占用，模块 "perception.breath"(priority=93) 跳过该骨骼
[adr-147] bone "head" 已被模块 "perception.gaze.head"(priority=92) 占用，模块 "perception.breath"(priority=93) 跳过该骨骼
[adr-147] bone "Head" 已被模块 "perception.gaze.head"(priority=92) 占用，模块 "perception.breath"(priority=93) 跳过该骨骼
[adr-147] bone "上半身2" 已被模块 "perception.breath"(priority=93) 占用，模块 "perception.balance.upper"(priority=95) 跳过该骨骼
[perception] 激活: 模型=m1 呼吸=true 眨眼=true 头=true 眼=true
[perception] 已注销

[90mstderr[2m | src/__tests__/perception/state-lifecycle.int.test.ts[2m > [22m[2monPerceptionModelRemoved[2m > [22m[2m移除其他模型时不影响当前 observer
[22m[39m[perception] 已注销
[adr-147] bone "首" 已被模块 "perception.gaze.head"(priority=92) 占用，模块 "perception.breath"(priority=93) 跳过该骨骼
[adr-147] bone "頭" 已被模块 "perception.gaze.head"(priority=92) 占用，模块 "perception.breath"(priority=93) 跳过该骨骼
[adr-147] bone "head" 已被模块 "perception.gaze.head"(priority=92) 占用，模块 "perception.breath"(priority=93) 跳过该骨骼
[adr-147] bone "Head" 已被模块 "perception.gaze.head"(priority=92) 占用，模块 "perception.breath"(priority=93) 跳过该骨骼
[adr-147] bone "上半身2" 已被模块 "perception.breath"(priority=93) 占用，模块 "perception.balance.upper"(priority=95) 跳过该骨骼
[perception] 激活: 模型=m1 呼吸=true 眨眼=true 头=true 眼=true

[33m[39m[32m·[39m[33m[39m[32m·[39m[33m[39m[32m·[39m[33m[39m[32m·[39m[33m[39m[32m·[39m[90mstdout[2m | src/__tests__/perception/gaze.int.test.ts[2m > [22m[2mgaze reset[2m > [22m[2mdeactivatePerception 时调用 _resetGazeState
[22m[39m[bone-override] _getOverrideMap 首次为模型创建覆盖索引 {"modelId":"m1","existingModels":["m1"]}

[90mstderr[2m | src/__tests__/perception/gaze.int.test.ts[2m > [22m[2mgaze reset[2m > [22m[2mdeactivatePerception 时调用 _resetGazeState
[22m[39m[perception] 已注销
[adr-147] bone "首" 已被模块 "perception.gaze.head"(priority=92) 占用，模块 "perception.breath"(priority=93) 跳过该骨骼
[adr-147] bone "頭" 已被模块 "perception.gaze.head"(priority=92) 占用，模块 "perception.breath"(priority=93) 跳过该骨骼
[adr-147] bone "head" 已被模块 "perception.gaze.head"(priority=92) 占用，模块 "perception.breath"(priority=93) 跳过该骨骼
[adr-147] bone "Head" 已被模块 "perception.gaze.head"(priority=92) 占用，模块 "perception.breath"(priority=93) 跳过该骨骼
[adr-147] bone "上半身2" 已被模块 "perception.breath"(priority=93) 占用，模块 "perception.balance.upper"(priority=95) 跳过该骨骼
[perception] 激活: 模型=m1 呼吸=true 眨眼=true 头=true 眼=true
[perception] 已注销

[33m[39m[32m·[39m[33m[39m[32m·[39m[33m[39m[32m·[39m[33m[39m[32m·[39m[33m[39m[32m·[39m[33m[39m[32m·[39m[33m[39m[32m·[39m[33m[39m[32m·[39m[33m[39m[32m·[39m[33m[39m[32m·[39m[33m[39m[32m·[39m[90mstdout[2m | src/__tests__/perception/claim-bones.int.test.ts[2m > [22m[2mADR-163 claimBones[2m > [22m[2md) [doc:adr-166] 任意模型冲突均显示 banner（不限焦点）
[22m[39m[bone-override] _getOverrideMap 首次为模型创建覆盖索引 {"modelId":"m2","existingModels":["m2"]}

[90mstderr[2m | src/__tests__/perception/claim-bones.int.test.ts[2m > [22m[2mADR-163 claimBones[2m > [22m[2md) [doc:adr-166] 任意模型冲突均显示 banner（不限焦点）
[22m[39m[adr-147] bone "頭" 被模块 "body-posture"(priority=1) 从 "perception.gaze.head"(priority=100) 抢占

[90mstdout[2m | src/__tests__/perception/claim-bones.int.test.ts[2m > [22m[2mADR-163 claimBones[2m > [22m[2md) [doc:adr-166 P2-3] renderPerceptionConflictBanners 同屏并显焦点+pinned 冲突
[22m[39m[bone-override] _getOverrideMap 首次为模型创建覆盖索引 {"modelId":"m1","existingModels":["m1"]}
[bone-override] _getOverrideMap 首次为模型创建覆盖索引 {"modelId":"m2","existingModels":["m1","m2"]}

[90mstderr[2m | src/__tests__/perception/claim-bones.int.test.ts[2m > [22m[2mADR-163 claimBones[2m > [22m[2md) [doc:adr-166 P2-3] renderPerceptionConflictBanners 同屏并显焦点+pinned 冲突
[22m[39m[adr-147] bone "頭" 被模块 "body-posture"(priority=1) 从 "perception.gaze.head"(priority=100) 抢占
[adr-147] bone "首" 已被模块 "perception.gaze.head"(priority=92) 占用，模块 "perception.breath"(priority=93) 跳过该骨骼
[adr-147] bone "頭" 已被模块 "perception.gaze.head"(priority=92) 占用，模块 "perception.breath"(priority=93) 跳过该骨骼
[adr-147] bone "head" 已被模块 "perception.gaze.head"(priority=92) 占用，模块 "perception.breath"(priority=93) 跳过该骨骼
[adr-147] bone "Head" 已被模块 "perception.gaze.head"(priority=92) 占用，模块 "perception.breath"(priority=93) 跳过该骨骼
[adr-147] bone "上半身2" 已被模块 "perception.breath"(priority=93) 占用，模块 "perception.balance.upper"(priority=95) 跳过该骨骼
[perception] pin: 模型=m2
[adr-147] bone "頭" 被模块 "body-posture"(priority=1) 从 "perception.gaze.head"(priority=100) 抢占

[33m[39m[32m·[39m[33m[39m[32m·[39m[33m[39m[32m·[39m

[2m Test Files [22m [1m[32m8 passed[39m[22m[90m (8)[39m
[2m      Tests [22m [1m[32m100 passed[39m[22m[90m (100)[39m
[2m   Start at [22m 17:38:40
[2m   Duration [22m 3.85s[2m (transform 3.79s, setup 167ms, import 2.57s, tests 6.78s, environment 2.89s)[22m

EXIT=0
